current directory: /home/pawel4449/repos/5/my_first_rails_app/vendor/bundle/ruby/3.3.0/gems/json-2.19.4/ext/json/ext/parser
/home/pawel4449/.rbenv/versions/3.3.5/bin/ruby extconf.rb
checking for rb_enc_interned_str() in ruby/encoding.h... yes
checking for rb_str_to_interned_str() in ruby.h... yes
checking for rb_hash_new_capa() in ruby.h... yes
checking for rb_hash_bulk_insert() in ruby.h... yes
checking for RUBY_TYPED_EMBEDDABLE in ruby.h... yes
checking for whether -std=c99 is accepted as CFLAGS... yes
checking for x86intrin.h... yes
checking for cpuid.h... yes
creating Makefile

current directory: /home/pawel4449/repos/5/my_first_rails_app/vendor/bundle/ruby/3.3.0/gems/json-2.19.4/ext/json/ext/parser
make DESTDIR\= sitearchdir\=./.gem.20260503-5733-c2sd5d sitelibdir\=./.gem.20260503-5733-c2sd5d clean

current directory: /home/pawel4449/repos/5/my_first_rails_app/vendor/bundle/ruby/3.3.0/gems/json-2.19.4/ext/json/ext/parser
make DESTDIR\= sitearchdir\=./.gem.20260503-5733-c2sd5d sitelibdir\=./.gem.20260503-5733-c2sd5d
compiling parser.c
linking shared-object json/ext/parser.so

current directory: /home/pawel4449/repos/5/my_first_rails_app/vendor/bundle/ruby/3.3.0/gems/json-2.19.4/ext/json/ext/parser
make DESTDIR\= sitearchdir\=./.gem.20260503-5733-c2sd5d sitelibdir\=./.gem.20260503-5733-c2sd5d install
/usr/bin/install -c -m 0755 parser.so ./.gem.20260503-5733-c2sd5d/json/ext

current directory: /home/pawel4449/repos/5/my_first_rails_app/vendor/bundle/ruby/3.3.0/gems/json-2.19.4/ext/json/ext/parser
make DESTDIR\= sitearchdir\=./.gem.20260503-5733-c2sd5d sitelibdir\=./.gem.20260503-5733-c2sd5d clean
