current directory: /home/pawel4449/repos/5/my_first_rails_app/vendor/bundle/ruby/3.3.0/gems/date-3.5.1/ext/date
/home/pawel4449/.rbenv/versions/3.3.5/bin/ruby extconf.rb
checking for rb_category_warn()... yes
checking for timezone in time.h with  -Werror... yes
checking for altzone in time.h with  -Werror... no
creating Makefile

current directory: /home/pawel4449/repos/5/my_first_rails_app/vendor/bundle/ruby/3.3.0/gems/date-3.5.1/ext/date
make DESTDIR\= sitearchdir\=./.gem.20260503-5733-vdiacr sitelibdir\=./.gem.20260503-5733-vdiacr clean

current directory: /home/pawel4449/repos/5/my_first_rails_app/vendor/bundle/ruby/3.3.0/gems/date-3.5.1/ext/date
make DESTDIR\= sitearchdir\=./.gem.20260503-5733-vdiacr sitelibdir\=./.gem.20260503-5733-vdiacr
compiling date_core.c
compiling date_parse.c
compiling date_strftime.c
compiling date_strptime.c
linking shared-object date_core.so

current directory: /home/pawel4449/repos/5/my_first_rails_app/vendor/bundle/ruby/3.3.0/gems/date-3.5.1/ext/date
make DESTDIR\= sitearchdir\=./.gem.20260503-5733-vdiacr sitelibdir\=./.gem.20260503-5733-vdiacr install
/usr/bin/install -c -m 0755 date_core.so ./.gem.20260503-5733-vdiacr

current directory: /home/pawel4449/repos/5/my_first_rails_app/vendor/bundle/ruby/3.3.0/gems/date-3.5.1/ext/date
make DESTDIR\= sitearchdir\=./.gem.20260503-5733-vdiacr sitelibdir\=./.gem.20260503-5733-vdiacr clean
